alembic : INFO  [alembic.runtime.migration] Context impl PostgresqlImpl.
At line:1 char:1
+ alembic upgrade head > alembic.err 2>&1
+ ~~~~~~~~~~~~~~~~~~~~~~~~~~~~~~~~~~~~~~~
    + CategoryInfo          : NotSpecified: (INFO  [alembic....PostgresqlImpl.:String) [], RemoteException
    + FullyQualifiedErrorId : NativeCommandError
 
INFO  [alembic.runtime.migration] Will assume transactional DDL.
INFO  [alembic.runtime.migration] Running upgrade 2289adf1b0f7 -> cd14823e07ac, add eval jobs
Traceback (most recent call last):
  File "C:\Users\Admin\anaconda3\Lib\site-packages\sqlalchemy\engine\base.py", line 1969, in _exec_single_context
    self.dialect.do_execute(
  File "C:\Users\Admin\anaconda3\Lib\site-packages\sqlalchemy\engine\default.py", line 922, in do_execute
    cursor.execute(statement, parameters)
psycopg2.errors.DuplicateObject: type "jobstatus" already exists


The above exception was the direct cause of the following exception:

Traceback (most recent call last):
  File "<frozen runpy>", line 198, in _run_module_as_main
  File "<frozen runpy>", line 88, in _run_code
  File "C:\Users\Admin\anaconda3\Scripts\alembic.exe\__main__.py", line 7, in <module>
  File "C:\Users\Admin\anaconda3\Lib\site-packages\alembic\config.py", line 630, in main
    CommandLine(prog=prog).main(argv=argv)
  File "C:\Users\Admin\anaconda3\Lib\site-packages\alembic\config.py", line 624, in main
    self.run_cmd(cfg, options)
  File "C:\Users\Admin\anaconda3\Lib\site-packages\alembic\config.py", line 601, in run_cmd
    fn(
  File "C:\Users\Admin\anaconda3\Lib\site-packages\alembic\command.py", line 398, in upgrade
    script.run_env()
  File "C:\Users\Admin\anaconda3\Lib\site-packages\alembic\script\base.py", line 579, in run_env
    util.load_python_file(self.dir, "env.py")
  File "C:\Users\Admin\anaconda3\Lib\site-packages\alembic\util\pyfiles.py", line 93, in load_python_file
    module = load_module_py(module_id, path)
             ^^^^^^^^^^^^^^^^^^^^^^^^^^^^^^^
  File "C:\Users\Admin\anaconda3\Lib\site-packages\alembic\util\pyfiles.py", line 109, in load_module_py
    spec.loader.exec_module(module)  # type: ignore
    ^^^^^^^^^^^^^^^^^^^^^^^^^^^^^^^
  File "<frozen importlib._bootstrap_external>", line 995, in exec_module
  File "<frozen importlib._bootstrap>", line 488, in _call_with_frames_removed
  File "C:\Users\Admin\Downloads\chronicle\alembic\env.py", line 53, in <module>
    run_migrations_online()
  File "C:\Users\Admin\Downloads\chronicle\alembic\env.py", line 47, in run_migrations_online
    context.run_migrations()
  File "<string>", line 8, in run_migrations
  File "C:\Users\Admin\anaconda3\Lib\site-packages\alembic\runtime\environment.py", line 938, in run_migrations
    self.get_context().run_migrations(**kw)
  File "C:\Users\Admin\anaconda3\Lib\site-packages\alembic\runtime\migration.py", line 624, in run_migrations
    step.migration_fn(**kw)
  File "C:\Users\Admin\Downloads\chronicle\alembic\versions\cd14823e07ac_add_eval_jobs.py", line 26, in upgrade
    op.create_table(
  File "<string>", line 8, in create_table
  File "<string>", line 3, in create_table
  File "C:\Users\Admin\anaconda3\Lib\site-packages\alembic\operations\ops.py", line 1303, in create_table
    return operations.invoke(op)
           ^^^^^^^^^^^^^^^^^^^^^
  File "C:\Users\Admin\anaconda3\Lib\site-packages\alembic\operations\base.py", line 393, in invoke
    return fn(self, operation)
           ^^^^^^^^^^^^^^^^^^^
  File "C:\Users\Admin\anaconda3\Lib\site-packages\alembic\operations\toimpl.py", line 128, in create_table
    operations.impl.create_table(table)
  File "C:\Users\Admin\anaconda3\Lib\site-packages\alembic\ddl\impl.py", line 356, in create_table
    table.dispatch.before_create(
  File "C:\Users\Admin\anaconda3\Lib\site-packages\sqlalchemy\event\attr.py", line 487, in __call__
    fn(*args, **kw)
  File "C:\Users\Admin\anaconda3\Lib\site-packages\sqlalchemy\util\langhelpers.py", line 853, in __call__
    return getattr(self.target, self.name)(*arg, **kw)
           ^^^^^^^^^^^^^^^^^^^^^^^^^^^^^^^^^^^^^^^^^^^
  File "C:\Users\Admin\anaconda3\Lib\site-packages\sqlalchemy\dialects\postgresql\named_types.py", line 98, in 
_on_table_create
    self.create(bind=bind, checkfirst=checkfirst)
  File "C:\Users\Admin\anaconda3\Lib\site-packages\sqlalchemy\dialects\postgresql\named_types.py", line 339, in create
    super().create(bind, checkfirst=checkfirst)
  File "C:\Users\Admin\anaconda3\Lib\site-packages\sqlalchemy\dialects\postgresql\named_types.py", line 51, in create
    bind._run_ddl_visitor(self.DDLGenerator, self, checkfirst=checkfirst)
  File "C:\Users\Admin\anaconda3\Lib\site-packages\sqlalchemy\engine\base.py", line 2447, in _run_ddl_visitor
    visitorcallable(self.dialect, self, **kwargs).traverse_single(element)
  File "C:\Users\Admin\anaconda3\Lib\site-packages\sqlalchemy\sql\visitors.py", line 671, in traverse_single
    return meth(obj, **kw)
           ^^^^^^^^^^^^^^^
  File "C:\Users\Admin\anaconda3\Lib\site-packages\sqlalchemy\dialects\postgresql\named_types.py", line 153, in 
visit_enum
    self.connection.execute(CreateEnumType(enum))
  File "C:\Users\Admin\anaconda3\Lib\site-packages\sqlalchemy\engine\base.py", line 1416, in execute
    return meth(
           ^^^^^
  File "C:\Users\Admin\anaconda3\Lib\site-packages\sqlalchemy\sql\ddl.py", line 181, in _execute_on_connection
    return connection._execute_ddl(
           ^^^^^^^^^^^^^^^^^^^^^^^^
  File "C:\Users\Admin\anaconda3\Lib\site-packages\sqlalchemy\engine\base.py", line 1528, in _execute_ddl
    ret = self._execute_context(
          ^^^^^^^^^^^^^^^^^^^^^^
  File "C:\Users\Admin\anaconda3\Lib\site-packages\sqlalchemy\engine\base.py", line 1848, in _execute_context
    return self._exec_single_context(
           ^^^^^^^^^^^^^^^^^^^^^^^^^^
  File "C:\Users\Admin\anaconda3\Lib\site-packages\sqlalchemy\engine\base.py", line 1988, in _exec_single_context
    self._handle_dbapi_exception(
  File "C:\Users\Admin\anaconda3\Lib\site-packages\sqlalchemy\engine\base.py", line 2343, in _handle_dbapi_exception
    raise sqlalchemy_exception.with_traceback(exc_info[2]) from e
  File "C:\Users\Admin\anaconda3\Lib\site-packages\sqlalchemy\engine\base.py", line 1969, in _exec_single_context
    self.dialect.do_execute(
  File "C:\Users\Admin\anaconda3\Lib\site-packages\sqlalchemy\engine\default.py", line 922, in do_execute
    cursor.execute(statement, parameters)
sqlalchemy.exc.ProgrammingError: (psycopg2.errors.DuplicateObject) type "jobstatus" already exists

[SQL: CREATE TYPE jobstatus AS ENUM ('pending', 'running', 'completed', 'failed')]
(Background on this error at: https://sqlalche.me/e/20/f405)
